<html>
<body>
<pre>
<h1>µVision Build Log</h1>
<h2>Tool Versions:</h2>
IDE-Version: µVision V5.21.1.0
Copyright (C) 2016 ARM Ltd and ARM Germany GmbH. All rights reserved.
License Information: Jasper Li, college, LIC=S5ILQ-NNV3I-GPRZR-KWQDJ-1LV2A-PECD8
 
Tool Versions:
Toolchain:       MDK-ARM Professional  Version: 5.21a
Toolchain Path:  C:\Keil_v5\ARM\ARMCC\Bin
C Compiler:      Armcc.exe V5.06 update 3 (build 300)
Assembler:       Armasm.exe V5.06 update 3 (build 300)
Linker/Locator:  ArmLink.exe V5.06 update 3 (build 300)
Library Manager: ArmAr.exe V5.06 update 3 (build 300)
Hex Converter:   FromElf.exe V5.06 update 3 (build 300)
CPU DLL:         SARMCM3.DLL V5.21a
Dialog DLL:      DARMCM1.DLL V1.14.0.0
Target DLL:      CMSIS_AGDI.dll V1.26.5.0
Dialog DLL:      TARMCM1.DLL V1.10.0.0
 
<h2>Project:</h2>
C:\Users\Jasper\newwiz\WIZ750SR\Projects\S2E_App\W7500x_S2E.uvproj
Project File Date:  11/13/2023

<h2>Output:</h2>
*** Using Compiler 'V5.06 update 3 (build 300)', folder: 'C:\Keil_v5\ARM\ARMCC\Bin'
Build target 'W7500x_S2E_App'
compiling main.c...
src\main.c(660): warning:  #1-D: last line of file ends without a newline
  //const x1 __attribute__((at(0x000004))) = 0;
src\main.c: 1 warning, 0 errors
linking...
Program Size: Code=37356 RO-data=1768 RW-data=816 ZI-data=12880  
FromELF: creating hex file...
After Build - User command #1: fromelf --bin -o "C:\Users\Jasper\newwiz\WIZ750SR\Projects\S2E_App\obj\W7500x_S2E_App.bin" "C:\Users\Jasper\newwiz\WIZ750SR\Projects\S2E_App\obj\W7500x_S2E_App.axf"
After Build - User command #2: w7500_s2e_app_gen_production_hex2bin.bat
C:\Users\Jasper\newwiz\WIZ750SR\Projects\S2E_App>copy /b /y obj\W7500x_S2E_App.bin bin\ 
        1 file(s) copied.
C:\Users\Jasper\newwiz\WIZ750SR\Projects\S2E_App>copy /b /y obj\W7500x_S2E_App.hex bin\ 
        1 file(s) copied.
C:\Users\Jasper\newwiz\WIZ750SR\Projects\S2E_App>copy /b /y ..\S2E_Boot\bin\W7500x_S2E_Boot.hex + bin\W7500x_S2E_App.hex ..\W7500x_S2E_Production.hex 
..\S2E_Boot\bin\W7500x_S2E_Boot.hex
bin\W7500x_S2E_App.hex
        1 file(s) copied.
C:\Users\Jasper\newwiz\WIZ750SR\Projects\S2E_App>..\hex2bin.exe ..\W7500x_S2E_Production.hex 
hex2bin v1.0.4, Copyright (C) 1998 Jacques Pelletier
checksum extensions Copyright (C) 2004 Rockwell Automation
Lowest address  = 00000000
Highest address = 00010A83
Pad Byte        = FF
8-bit Checksum = 0F
".\obj\W7500x_S2E_App.axf" - 0 Error(s), 1 Warning(s).
Build Time Elapsed:  00:00:02
</pre>
</body>
</html>
